// Jest Snapshot v1, https://goo.gl/fbAQLP

exports[`processes SVG correctly 1`] = `
"<svg
  xmlns="http://www.w3.org/2000/svg"
  width="24"
  height="24"
  viewBox="0 0 24 24"
  fill="none"
  stroke="currentColor"
  stroke-width="2"
  stroke-linecap="round"
  stroke-linejoin="round"
>
  <path d="M23 1 1 23M1 1 23 23"></path>
</svg>
"
`;

exports[`rejects when passed unparsable SVG string 1`] = `[SvgoParserError: <input>:1:10: Unclosed root tag]`;
